// Jest Snapshot v1, https://goo.gl/fbAQLP

exports[`matches snapshot for Box 1`] = `
<DocumentFragment>
  <div>
    <div
      style="width: 100px; height: 100px; background-color: blue;"
    />
    <button>
      X
    </button>
  </div>
</DocumentFragment>
`;
