// Jest Snapshot v1, https://goo.gl/fbAQLP

exports[`matches snapshot for App 1`] = `
<DocumentFragment>
  <div>
    <h1>
      Todo App
    </h1>
    <div>
      <form>
        <input
          placeholder="New task"
          type="text"
          value=""
        />
        <button>
          Add
        </button>
      </form>
    </div>
  </div>
</DocumentFragment>
`;
