// Jest Snapshot v1, https://goo.gl/fbAQLP

exports[`matches snapshot for NewTodoForm 1`] = `
<DocumentFragment>
  <form>
    <input
      placeholder="New task"
      type="text"
      value=""
    />
    <button>
      Add
    </button>
  </form>
</DocumentFragment>
`;
